2026-01-31 15:24:02 [DEBUG] Logging initialized taskName=None log_file=C:\Users\shayg\Code\Badjet Tracker\output\budget.log max_size_mb=10 backup_count=5 asctime=2026-01-31 15:24:02
2026-01-31 15:24:02 [DEBUG] Loading dashboard data from C:\Users\shayg\Code\Badjet Tracker\UserFiles\dashboard.xlsx taskName=None asctime=2026-01-31 15:24:02
2026-01-31 15:24:02 [DEBUG] File exists, loading... taskName=None asctime=2026-01-31 15:24:02
2026-01-31 15:24:02 [DEBUG] Workbook loaded. Sheets: ['Template'] taskName=None asctime=2026-01-31 15:24:02
2026-01-31 15:24:02 [DEBUG] Total records found: 0 taskName=None asctime=2026-01-31 15:24:02
2026-01-31 15:24:02 [DEBUG] Total amount loaded: 0.00 taskName=None asctime=2026-01-31 15:24:02
2026-01-31 15:24:03 [DEBUG] Loaded 212 default categories from C:\Users\shayg\Code\Badjet Tracker\src\default_categories.json taskName=None asctime=2026-01-31 15:24:03
2026-01-31 15:24:03 [INFO] Loaded 212 default categories and 0 user categories taskName=None asctime=2026-01-31 15:24:03
2026-01-31 15:24:03 [WARNING] Template validation warnings: taskName=None asctime=2026-01-31 15:24:03
2026-01-31 15:24:03 [WARNING]   - Category 'בנק' has only one subcategory (might be a mistake) taskName=None asctime=2026-01-31 15:24:03
2026-01-31 15:24:03 [WARNING]   - Category 'מתנות' has only one subcategory (might be a mistake) taskName=None asctime=2026-01-31 15:24:03
2026-01-31 15:24:03 [WARNING]   - Category 'מזומן' has only one subcategory (might be a mistake) taskName=None asctime=2026-01-31 15:24:03
2026-01-31 15:24:03 [WARNING]   - Category 'שונות' has only one subcategory (might be a mistake) taskName=None asctime=2026-01-31 15:24:03
2026-01-31 15:24:03 [WARNING]   - Category 'סיכום' has no subcategories taskName=None asctime=2026-01-31 15:24:03
2026-01-31 15:24:03 [INFO] === Current category structure from Template === taskName=None asctime=2026-01-31 15:24:03
2026-01-31 15:24:03 [INFO] רכב: ['דלק', 'ביטוח חובה', 'ביטוח מקיף', 'טיפולים', 'אגרה וטסט', 'כבישי אגרה', 'חניה', 'תחב"צ', 'רכב: שונות'] taskName=None asctime=2026-01-31 15:24:03
2026-01-31 15:24:03 [INFO] דירה: ['שכירות\\משכנתא', 'ועד בית', 'ארנונה', 'חשמל', 'מים', 'גז', 'תיקונים'] taskName=None asctime=2026-01-31 15:24:03
2026-01-31 15:24:03 [INFO] בילוי: ['חופשות וטיולים', 'מסעדות', 'הופעות'] taskName=None asctime=2026-01-31 15:24:03
2026-01-31 15:24:03 [INFO] מזון ומחיה: ['קניות', 'אוכל בעבודה', 'תמי 4'] taskName=None asctime=2026-01-31 15:24:03
2026-01-31 15:24:03 [INFO] תקשורת: ['סטרימינג', 'סלולר', 'אינטרנט'] taskName=None asctime=2026-01-31 15:24:03
2026-01-31 15:24:03 [INFO] בנק: ['עמלות'] taskName=None asctime=2026-01-31 15:24:03
2026-01-31 15:24:03 [INFO] ביטוחים: ['ביטוחי חיים', 'ביטוחי בריאות'] taskName=None asctime=2026-01-31 15:24:03
2026-01-31 15:24:03 [INFO] בריאות: ['בית מרקחת', 'טיפולים'] taskName=None asctime=2026-01-31 15:24:03
2026-01-31 15:24:03 [INFO] אופנה: ['חנויות', 'אונליין'] taskName=None asctime=2026-01-31 15:24:03
2026-01-31 15:24:03 [INFO] מתנות: ['מתנות'] taskName=None asctime=2026-01-31 15:24:03
2026-01-31 15:24:03 [INFO] מזומן: ['מזומן'] taskName=None asctime=2026-01-31 15:24:03
2026-01-31 15:24:03 [INFO] שונות: ['שונות'] taskName=None asctime=2026-01-31 15:24:03
2026-01-31 15:24:03 [INFO] סיכום: [] taskName=None asctime=2026-01-31 15:24:03
2026-01-31 15:24:03 [INFO] =============================================== taskName=None asctime=2026-01-31 15:24:03
2026-01-31 15:24:03 [DEBUG] Template structure cached taskName=None asctime=2026-01-31 15:24:03
2026-01-31 15:24:16 [INFO] Loaded file: excelNewBank (6).xlsx (rows: 72, header row at: 26) taskName=None asctime=2026-01-31 15:24:16
2026-01-31 15:24:16 [DEBUG] Archived file 'excelNewBank (6).xlsx' taskName=None asctime=2026-01-31 15:24:16
2026-01-31 15:24:16 [INFO] Archived excelNewBank (6).xlsx taskName=None asctime=2026-01-31 15:24:16
2026-01-31 15:24:16 [INFO] Loaded file: excelNewBank (7).xlsx (rows: 99, header row at: 27) taskName=None asctime=2026-01-31 15:24:16
2026-01-31 15:24:16 [DEBUG] Archived file 'excelNewBank (7).xlsx' taskName=None asctime=2026-01-31 15:24:16
2026-01-31 15:24:16 [INFO] Archived excelNewBank (7).xlsx taskName=None asctime=2026-01-31 15:24:16
2026-01-31 15:24:16 [DEBUG] Cleaned columns: ['שם כרטיס', 'חיוב לתאריך', 'תאריך', 'שם בית עסק', 'סכום קנייה', 'סכום חיוב בשח', 'אסמכתא', 'סכום הנחה על העסקה', 'אחוז הנחה על העסקה', 'תיאור אופן ההצמדה', 'מדד או שער בסיס', 'המדד או השער בו בוצע החיוב השוטף בעסקה', 'תאור סוג עסקת אשראי', 'Unnamed: 13', 'source_file'] taskName=None asctime=2026-01-31 15:24:16
2026-01-31 15:24:16 [DEBUG] Mapped columns: ['card', 'charge_due_date', 'transaction_date', 'merchant', 'purchase_amount', 'amount', 'אסמכתא', 'סכום הנחה על העסקה', 'אחוז הנחה על העסקה', 'תיאור אופן ההצמדה', 'מדד או שער בסיס', 'המדד או השער בו בוצע החיוב השוטף בעסקה', 'תאור סוג עסקת אשראי', 'Unnamed: 13', 'source_file'] taskName=None asctime=2026-01-31 15:24:16
2026-01-31 15:24:16 [WARNING] Dropped 28 rows missing mandatory fields taskName=None asctime=2026-01-31 15:24:16
2026-01-31 15:24:16 [WARNING] Dropped 6 rows with invalid dates taskName=None asctime=2026-01-31 15:24:16
2026-01-31 15:24:16 [WARNING] Dropped 38 rows with invalid amounts taskName=None asctime=2026-01-31 15:24:16
2026-01-31 15:24:16 [INFO] Normalization complete: 99 rows taskName=None asctime=2026-01-31 15:24:16
2026-01-31 15:24:16 [DEBUG] Loaded 212 default categories from C:\Users\shayg\Code\Badjet Tracker\src\default_categories.json taskName=None asctime=2026-01-31 15:24:16
2026-01-31 15:24:16 [INFO] Loaded 212 default categories and 0 user categories taskName=None asctime=2026-01-31 15:24:16
2026-01-31 15:24:16 [WARNING] Template validation warnings: taskName=None asctime=2026-01-31 15:24:16
2026-01-31 15:24:16 [WARNING]   - Category 'בנק' has only one subcategory (might be a mistake) taskName=None asctime=2026-01-31 15:24:16
2026-01-31 15:24:16 [WARNING]   - Category 'מתנות' has only one subcategory (might be a mistake) taskName=None asctime=2026-01-31 15:24:16
2026-01-31 15:24:16 [WARNING]   - Category 'מזומן' has only one subcategory (might be a mistake) taskName=None asctime=2026-01-31 15:24:16
2026-01-31 15:24:16 [WARNING]   - Category 'שונות' has only one subcategory (might be a mistake) taskName=None asctime=2026-01-31 15:24:16
2026-01-31 15:24:16 [WARNING]   - Category 'סיכום' has no subcategories taskName=None asctime=2026-01-31 15:24:16
2026-01-31 15:24:16 [INFO] === Current category structure from Template === taskName=None asctime=2026-01-31 15:24:16
2026-01-31 15:24:16 [INFO] רכב: ['דלק', 'ביטוח חובה', 'ביטוח מקיף', 'טיפולים', 'אגרה וטסט', 'כבישי אגרה', 'חניה', 'תחב"צ', 'רכב: שונות'] taskName=None asctime=2026-01-31 15:24:16
2026-01-31 15:24:16 [INFO] דירה: ['שכירות\\משכנתא', 'ועד בית', 'ארנונה', 'חשמל', 'מים', 'גז', 'תיקונים'] taskName=None asctime=2026-01-31 15:24:16
2026-01-31 15:24:16 [INFO] בילוי: ['חופשות וטיולים', 'מסעדות', 'הופעות'] taskName=None asctime=2026-01-31 15:24:16
2026-01-31 15:24:16 [INFO] מזון ומחיה: ['קניות', 'אוכל בעבודה', 'תמי 4'] taskName=None asctime=2026-01-31 15:24:16
2026-01-31 15:24:16 [INFO] תקשורת: ['סטרימינג', 'סלולר', 'אינטרנט'] taskName=None asctime=2026-01-31 15:24:16
2026-01-31 15:24:16 [INFO] בנק: ['עמלות'] taskName=None asctime=2026-01-31 15:24:16
2026-01-31 15:24:16 [INFO] ביטוחים: ['ביטוחי חיים', 'ביטוחי בריאות'] taskName=None asctime=2026-01-31 15:24:16
2026-01-31 15:24:16 [INFO] בריאות: ['בית מרקחת', 'טיפולים'] taskName=None asctime=2026-01-31 15:24:16
2026-01-31 15:24:16 [INFO] אופנה: ['חנויות', 'אונליין'] taskName=None asctime=2026-01-31 15:24:16
2026-01-31 15:24:16 [INFO] מתנות: ['מתנות'] taskName=None asctime=2026-01-31 15:24:16
2026-01-31 15:24:16 [INFO] מזומן: ['מזומן'] taskName=None asctime=2026-01-31 15:24:16
2026-01-31 15:24:16 [INFO] שונות: ['שונות'] taskName=None asctime=2026-01-31 15:24:16
2026-01-31 15:24:16 [INFO] סיכום: [] taskName=None asctime=2026-01-31 15:24:16
2026-01-31 15:24:16 [INFO] =============================================== taskName=None asctime=2026-01-31 15:24:16
2026-01-31 15:24:16 [DEBUG] Template structure cached taskName=None asctime=2026-01-31 15:24:16
2026-01-31 15:24:16 [DEBUG] Loaded 212 default categories from C:\Users\shayg\Code\Badjet Tracker\src\default_categories.json taskName=None asctime=2026-01-31 15:24:16
2026-01-31 15:24:25 [DEBUG] Found substring match for 'הייטקזון - מתנות ואתר' with 'יינות ביתן' (length 4): מזון ומחיה > קניות taskName=None asctime=2026-01-31 15:24:25
2026-01-31 15:24:30 [DEBUG] Found prefix match for 'שטראוס מים בע"מ' with 'שטראוס מים' (length 10): מזון ומחיה > תמי 4 taskName=None asctime=2026-01-31 15:24:30
2026-01-31 15:24:31 [DEBUG] Found substring match for '9 ביטוח חובה' with 'ביטוח חובה' (length 10): רכב > ביטוח חובה taskName=None asctime=2026-01-31 15:24:31
2026-03-18 15:30:20 [DEBUG] Logging initialized taskName=None log_file=C:\Users\shayg\Code\Badjet Tracker\output\budget.log max_size_mb=10 backup_count=5 asctime=2026-03-18 15:30:20
2026-03-18 15:30:20 [DEBUG] Loading dashboard data from C:\Users\shayg\Code\Badjet Tracker\UserFiles\dashboard.xlsx taskName=None asctime=2026-03-18 15:30:20
2026-03-18 15:30:20 [DEBUG] File exists, loading... taskName=None asctime=2026-03-18 15:30:20
2026-03-18 15:30:20 [DEBUG] Workbook loaded. Sheets: ['Template'] taskName=None asctime=2026-03-18 15:30:20
2026-03-18 15:30:20 [DEBUG] Total records found: 0 taskName=None asctime=2026-03-18 15:30:20
2026-03-18 15:30:20 [DEBUG] Total amount loaded: 0.00 taskName=None asctime=2026-03-18 15:30:20
2026-03-18 15:30:21 [DEBUG] Loaded 212 default categories from C:\Users\shayg\Code\Badjet Tracker\src\default_categories.json taskName=None asctime=2026-03-18 15:30:21
2026-03-18 15:30:21 [INFO] Loaded 212 default categories and 0 user categories taskName=None asctime=2026-03-18 15:30:21
2026-03-18 15:30:21 [WARNING] Template validation warnings: taskName=None asctime=2026-03-18 15:30:21
2026-03-18 15:30:21 [WARNING]   - Category 'בנק' has only one subcategory (might be a mistake) taskName=None asctime=2026-03-18 15:30:21
2026-03-18 15:30:21 [WARNING]   - Category 'מתנות' has only one subcategory (might be a mistake) taskName=None asctime=2026-03-18 15:30:21
2026-03-18 15:30:21 [WARNING]   - Category 'מזומן' has only one subcategory (might be a mistake) taskName=None asctime=2026-03-18 15:30:21
2026-03-18 15:30:21 [WARNING]   - Category 'שונות' has only one subcategory (might be a mistake) taskName=None asctime=2026-03-18 15:30:21
2026-03-18 15:30:21 [WARNING]   - Category 'סיכום' has no subcategories taskName=None asctime=2026-03-18 15:30:21
2026-03-18 15:30:21 [INFO] === Current category structure from Template === taskName=None asctime=2026-03-18 15:30:21
2026-03-18 15:30:21 [INFO] רכב: ['דלק', 'ביטוח חובה', 'ביטוח מקיף', 'טיפולים', 'אגרה וטסט', 'כבישי אגרה', 'חניה', 'תחב"צ', 'רכב: שונות'] taskName=None asctime=2026-03-18 15:30:21
2026-03-18 15:30:21 [INFO] דירה: ['שכירות\\משכנתא', 'ועד בית', 'ארנונה', 'חשמל', 'מים', 'גז', 'תיקונים'] taskName=None asctime=2026-03-18 15:30:21
2026-03-18 15:30:21 [INFO] בילוי: ['חופשות וטיולים', 'מסעדות', 'הופעות'] taskName=None asctime=2026-03-18 15:30:21
2026-03-18 15:30:21 [INFO] מזון ומחיה: ['קניות', 'אוכל בעבודה', 'תמי 4'] taskName=None asctime=2026-03-18 15:30:21
2026-03-18 15:30:21 [INFO] תקשורת: ['סטרימינג', 'סלולר', 'אינטרנט'] taskName=None asctime=2026-03-18 15:30:21
2026-03-18 15:30:21 [INFO] בנק: ['עמלות'] taskName=None asctime=2026-03-18 15:30:21
2026-03-18 15:30:21 [INFO] ביטוחים: ['ביטוחי חיים', 'ביטוחי בריאות'] taskName=None asctime=2026-03-18 15:30:21
2026-03-18 15:30:21 [INFO] בריאות: ['בית מרקחת', 'טיפולים'] taskName=None asctime=2026-03-18 15:30:21
2026-03-18 15:30:21 [INFO] אופנה: ['חנויות', 'אונליין'] taskName=None asctime=2026-03-18 15:30:21
2026-03-18 15:30:21 [INFO] מתנות: ['מתנות'] taskName=None asctime=2026-03-18 15:30:21
2026-03-18 15:30:21 [INFO] מזומן: ['מזומן'] taskName=None asctime=2026-03-18 15:30:21
2026-03-18 15:30:21 [INFO] שונות: ['שונות'] taskName=None asctime=2026-03-18 15:30:21
2026-03-18 15:30:21 [INFO] סיכום: [] taskName=None asctime=2026-03-18 15:30:21
2026-03-18 15:30:21 [INFO] =============================================== taskName=None asctime=2026-03-18 15:30:21
2026-03-18 15:30:21 [DEBUG] Template structure cached taskName=None asctime=2026-03-18 15:30:21
2026-03-18 15:30:26 [DEBUG] Logging initialized taskName=None log_file=C:\Users\shayg\Code\Badjet Tracker\output\budget.log max_size_mb=10 backup_count=5 asctime=2026-03-18 15:30:26
2026-03-18 15:30:27 [DEBUG] Loading dashboard data from C:\Users\shayg\Code\Badjet Tracker\UserFiles\dashboard.xlsx taskName=None asctime=2026-03-18 15:30:27
2026-03-18 15:30:27 [DEBUG] File exists, loading... taskName=None asctime=2026-03-18 15:30:27
2026-03-18 15:30:27 [DEBUG] Workbook loaded. Sheets: ['Template'] taskName=None asctime=2026-03-18 15:30:27
2026-03-18 15:30:27 [DEBUG] Total records found: 0 taskName=None asctime=2026-03-18 15:30:27
2026-03-18 15:30:27 [DEBUG] Total amount loaded: 0.00 taskName=None asctime=2026-03-18 15:30:27
2026-03-18 15:30:27 [DEBUG] Loaded 212 default categories from C:\Users\shayg\Code\Badjet Tracker\src\default_categories.json taskName=None asctime=2026-03-18 15:30:27
2026-03-18 15:30:27 [INFO] Loaded 212 default categories and 0 user categories taskName=None asctime=2026-03-18 15:30:27
2026-03-18 15:30:27 [WARNING] Template validation warnings: taskName=None asctime=2026-03-18 15:30:27
2026-03-18 15:30:27 [WARNING]   - Category 'בנק' has only one subcategory (might be a mistake) taskName=None asctime=2026-03-18 15:30:27
2026-03-18 15:30:27 [WARNING]   - Category 'מתנות' has only one subcategory (might be a mistake) taskName=None asctime=2026-03-18 15:30:27
2026-03-18 15:30:27 [WARNING]   - Category 'מזומן' has only one subcategory (might be a mistake) taskName=None asctime=2026-03-18 15:30:27
2026-03-18 15:30:27 [WARNING]   - Category 'שונות' has only one subcategory (might be a mistake) taskName=None asctime=2026-03-18 15:30:27
2026-03-18 15:30:27 [WARNING]   - Category 'סיכום' has no subcategories taskName=None asctime=2026-03-18 15:30:27
2026-03-18 15:30:27 [INFO] === Current category structure from Template === taskName=None asctime=2026-03-18 15:30:27
2026-03-18 15:30:27 [INFO] רכב: ['דלק', 'ביטוח חובה', 'ביטוח מקיף', 'טיפולים', 'אגרה וטסט', 'כבישי אגרה', 'חניה', 'תחב"צ', 'רכב: שונות'] taskName=None asctime=2026-03-18 15:30:27
2026-03-18 15:30:27 [INFO] דירה: ['שכירות\\משכנתא', 'ועד בית', 'ארנונה', 'חשמל', 'מים', 'גז', 'תיקונים'] taskName=None asctime=2026-03-18 15:30:27
2026-03-18 15:30:27 [INFO] בילוי: ['חופשות וטיולים', 'מסעדות', 'הופעות'] taskName=None asctime=2026-03-18 15:30:27
2026-03-18 15:30:27 [INFO] מזון ומחיה: ['קניות', 'אוכל בעבודה', 'תמי 4'] taskName=None asctime=2026-03-18 15:30:27
2026-03-18 15:30:27 [INFO] תקשורת: ['סטרימינג', 'סלולר', 'אינטרנט'] taskName=None asctime=2026-03-18 15:30:27
2026-03-18 15:30:27 [INFO] בנק: ['עמלות'] taskName=None asctime=2026-03-18 15:30:27
2026-03-18 15:30:27 [INFO] ביטוחים: ['ביטוחי חיים', 'ביטוחי בריאות'] taskName=None asctime=2026-03-18 15:30:27
2026-03-18 15:30:27 [INFO] בריאות: ['בית מרקחת', 'טיפולים'] taskName=None asctime=2026-03-18 15:30:27
2026-03-18 15:30:27 [INFO] אופנה: ['חנויות', 'אונליין'] taskName=None asctime=2026-03-18 15:30:27
2026-03-18 15:30:27 [INFO] מתנות: ['מתנות'] taskName=None asctime=2026-03-18 15:30:27
2026-03-18 15:30:27 [INFO] מזומן: ['מזומן'] taskName=None asctime=2026-03-18 15:30:27
2026-03-18 15:30:27 [INFO] שונות: ['שונות'] taskName=None asctime=2026-03-18 15:30:27
2026-03-18 15:30:27 [INFO] סיכום: [] taskName=None asctime=2026-03-18 15:30:27
2026-03-18 15:30:27 [INFO] =============================================== taskName=None asctime=2026-03-18 15:30:27
2026-03-18 15:30:27 [DEBUG] Template structure cached taskName=None asctime=2026-03-18 15:30:27
